2
4
23,23,21,17
17,21,23,23

3
2
92,40
18,8
59,26

3
2
60,45
49,43
141,92

1
4
83,63,37,75